============================= test session starts ==============================
platform linux -- Python 3.11.2, pytest-9.1.1, pluggy-1.6.0
rootdir: /home/dan/projects/maestro
configfile: pyproject.toml
plugins: xdist-3.8.0
collected 5539 items

tests/backends/test_antigravity.py ..................................... [  0%]
.........                                                                [  0%]
tests/backends/test_catalog.py ......................................... [  1%]
....................                                                     [  1%]
tests/backends/test_claude_driver.py ................................... [  2%]
.......................................................................  [  3%]
tests/backends/test_codex_driver.py .................................... [  4%]
........................................................................ [  5%]
.................                                                        [  6%]
tests/backends/test_model_api.py .............................           [  6%]
tests/backends/test_model_runtime.py ..............................      [  7%]
tests/backends/test_protocol.py .............................            [  7%]
tests/backends/test_registry.py ..............................           [  8%]
tests/backends/test_router.py .......................................... [  8%]
                                                                         [  8%]
tests/backends/test_subscription_usage.py ................               [  9%]
tests/characterization/test_ask.py ........................              [  9%]
tests/characterization/test_commands.py ................................ [ 10%]
........................................................................ [ 11%]
..........................................                               [ 12%]
tests/characterization/test_complete.py ................................ [ 12%]
...............                                                          [ 13%]
tests/characterization/test_config.py .................................. [ 13%]
                                                                         [ 13%]
tests/characterization/test_consistency.py ............................. [ 14%]
.......................                                                  [ 14%]
tests/characterization/test_dan_request.py ............................. [ 15%]
..........                                                               [ 15%]
tests/characterization/test_depmap.py .................................. [ 16%]
..............                                                           [ 16%]
tests/characterization/test_gates.py ................................... [ 16%]
........................................................................ [ 18%]
................                                                         [ 18%]
tests/characterization/test_harness.py ...                               [ 18%]
tests/characterization/test_implementer.py ............................. [ 19%]
........................................................................ [ 20%]
........................................................................ [ 21%]
..............................................                           [ 22%]
tests/characterization/test_merge.py ................................... [ 23%]
........................................................................ [ 24%]
................................................                         [ 25%]
tests/characterization/test_metabranch.py ...................            [ 25%]
tests/characterization/test_orchestrator.py ............................ [ 26%]
........................................................................ [ 27%]
...............................                                          [ 28%]
tests/characterization/test_parking.py ................................. [ 28%]
........................................................................ [ 29%]
........................................................................ [ 31%]
......................                                                   [ 31%]
tests/characterization/test_prep_actions.py ............................ [ 32%]
.                                                                        [ 32%]
tests/characterization/test_quota.py ................................... [ 32%]
........................................................................ [ 34%]
........................................................................ [ 35%]
..............................................................           [ 36%]
tests/characterization/test_roadmap.py ................................. [ 37%]
........................................................................ [ 38%]
.............................                                            [ 38%]
tests/characterization/test_selfheal.py ................................ [ 39%]
........................................................................ [ 40%]
.....................................                                    [ 41%]
tests/characterization/test_state.py ...........................         [ 41%]
tests/characterization/test_status.py ...............                    [ 42%]
tests/characterization/test_telegram.py ................................ [ 42%]
........................................................................ [ 44%]
........................................................................ [ 45%]
........................................................................ [ 46%]
....                                                                     [ 46%]
tests/characterization/test_upcoming.py ................................ [ 47%]
.................................................                        [ 48%]
tests/characterization/test_verifications.py ........................... [ 48%]
...........                                                              [ 48%]
tests/characterization/test_watchdog.py ................................ [ 49%]
........................................................................ [ 50%]
............................                                             [ 51%]
tests/characterization/test_worktree.py ................................ [ 51%]
.............                                                            [ 52%]
tests/control/test_artifacts.py ................                         [ 52%]
tests/control/test_migration.py ......................                   [ 52%]
tests/control/test_recovery.py ..................                        [ 53%]
tests/control/test_resources.py .........................                [ 53%]
tests/control/test_store.py ............................................ [ 54%]
.....                                                                    [ 54%]
tests/graph_engineering/test_audit_script.py .                           [ 54%]
tests/graph_engineering/test_baseline_lanes.py ......................... [ 54%]
................                                                         [ 55%]
tests/graph_engineering/test_concurrency.py ..                           [ 55%]
tests/graph_engineering/test_dan_verification.py ....................... [ 55%]
...                                                                      [ 55%]
tests/graph_engineering/test_deny_list_ask.py ................           [ 56%]
tests/graph_engineering/test_dispatch_wiring.py ........................ [ 56%]
....................................                                     [ 57%]
tests/graph_engineering/test_end_to_end.py ............................. [ 57%]
....................                                                     [ 58%]
tests/graph_engineering/test_evidence.py .............                   [ 58%]
tests/graph_engineering/test_external_actions.py ..                      [ 58%]
tests/graph_engineering/test_failure_ladder.py ......................... [ 58%]
....................                                                     [ 59%]
tests/graph_engineering/test_g7_parity.py ..........................     [ 59%]
tests/graph_engineering/test_graph_ask.py .........                      [ 59%]
tests/graph_engineering/test_intake_integration.py ....                  [ 59%]
tests/graph_engineering/test_legacy_parity.py ......................     [ 60%]
tests/graph_engineering/test_local_faults.py .....                       [ 60%]
tests/graph_engineering/test_merge_guard.py ............                 [ 60%]
tests/graph_engineering/test_model_choice_recovery.py .                  [ 60%]
tests/graph_engineering/test_permission_ask.py ..............            [ 60%]
tests/graph_engineering/test_pilot_export_quota.py ............          [ 60%]
tests/graph_engineering/test_project_policy.py .....                     [ 61%]
tests/graph_engineering/test_qualification.py ..........                 [ 61%]
tests/graph_engineering/test_remerge_lane.py .                           [ 61%]
tests/graph_engineering/test_service_ownership.py ....                   [ 61%]
tests/graph_engineering/test_storage_recovery.py ...                     [ 61%]
tests/graph_engineering/test_telegram_feedback.py ...............        [ 61%]
tests/graph_engineering/test_telegram_halted.py .............            [ 61%]
tests/graph_engineering/test_validation_dependencies.py .......          [ 62%]
tests/graph_engineering/test_write_overlap.py ...                        [ 62%]
tests/ops/test_graph_service_lifecycle.py ............                   [ 62%]
tests/ops/test_lib_maestro_ops.py ..........                             [ 62%]
tests/ops/test_notify_telegram_bridge.py .....                           [ 62%]
tests/ops/test_watchdog_selffix.py ..............                        [ 62%]
tests/repository/test_context.py ............................            [ 63%]
tests/repository/test_overlays.py ...................                    [ 63%]
tests/repository/test_queries.py ....................................... [ 64%]
...                                                                      [ 64%]
tests/test_adapters.py ..............                                    [ 64%]
tests/test_affected_validation.py ....................................   [ 65%]
tests/test_agentcall.py ................                                 [ 65%]
tests/test_backend_command.py .....................................      [ 66%]
tests/test_backend_exhaustion.py ...........................             [ 66%]
tests/test_bootstrap.py ...............                                  [ 67%]
tests/test_cli.py ...................................................... [ 68%]
....................                                                     [ 68%]
tests/test_confinement.py .............................................. [ 69%]
.................                                                        [ 69%]
tests/test_dan_decisions.py .......................                      [ 69%]
tests/test_dep_reduction.py ..........................                   [ 70%]
tests/test_extraction_complete.py .................                      [ 70%]
tests/test_followups.py .........                                        [ 70%]
tests/test_graph_update_compatibility.py ...............                 [ 71%]
tests/test_host_resource_admission.py ......................             [ 71%]
tests/test_init_workflows.py ......................                      [ 71%]
tests/test_integration_acceptance.py ............................        [ 72%]
tests/test_limits.py ................................................... [ 73%]
..................                                                       [ 73%]
tests/test_mergeresolve.py ..........                                    [ 73%]
tests/test_metrics.py ............................                       [ 74%]
tests/test_model_adoption.py ...............                             [ 74%]
tests/test_model_adoption_record.py ...........                          [ 74%]
tests/test_model_class_transitions.py .................................. [ 75%]
..............                                                           [ 75%]
tests/test_model_dependencies.py ................                        [ 76%]
tests/test_model_detection.py ...                                        [ 76%]
tests/test_model_freeze_races.py ...                                     [ 76%]
tests/test_model_frozen_choices.py .............................         [ 76%]
tests/test_model_graph_routing.py ......                                 [ 76%]
tests/test_model_init_inheritance.py ......                              [ 76%]
tests/test_model_lifecycle.py ................................           [ 77%]
tests/test_model_policy.py ......                                        [ 77%]
tests/test_model_proposal_notice.py ....                                 [ 77%]
tests/test_model_replacement.py ...........                              [ 77%]
tests/test_model_sol_replacement.py ........                             [ 77%]
tests/test_model_status_report.py ..........                             [ 78%]
tests/test_model_switch_races.py ......                                  [ 78%]
tests/test_model_task_freeze.py ...........                              [ 78%]
tests/test_model_task_pins.py .........                                  [ 78%]
tests/test_modelctl_bridge.py .....                                      [ 78%]
tests/test_next_graph_prompt.py .............                            [ 78%]
tests/test_no_dead_backend_surface.py ....x..............                [ 79%]
tests/test_no_name_branching.py .................................        [ 79%]
tests/test_no_reference_project_strings.py ............................. [ 80%]
.                                                                        [ 80%]
tests/test_no_reference_sidecars.py ...                                  [ 80%]
tests/test_no_unresolved_pending.py ........                             [ 80%]
tests/test_one_shot_agent_calls.py .....                                 [ 80%]
tests/test_operator_intake.py .......................................... [ 81%]
.......                                                                  [ 81%]
tests/test_orchestrator_scheduling.py .........                          [ 81%]
tests/test_orchestrator_switch_hooks.py ................................ [ 82%]
........................................................................ [ 83%]
                                                                         [ 83%]
tests/test_package.py .                                                  [ 83%]
tests/test_pending.py ............                                       [ 83%]
tests/test_per_session_usage.py ............                             [ 84%]
tests/test_permissions.py .............................................. [ 84%]
.......................                                                  [ 85%]
tests/test_purity.py .FFF.                                               [ 85%]
tests/test_quota_thresholds.py .........                                 [ 85%]
tests/test_roles.py .................................................... [ 86%]
............................................................             [ 87%]
tests/test_routing.py ......................                             [ 87%]
tests/test_scheduling.py ..................                              [ 88%]
tests/test_selfupdate.py ..............                                  [ 88%]
tests/test_skills.py ...........                                         [ 88%]
tests/test_switch.py ................................................... [ 89%]
........                                                                 [ 89%]
tests/test_switch_thresholds.py .....                                    [ 89%]
tests/test_taskgraph.py ................................................ [ 90%]
......................................                                   [ 91%]
tests/test_templates.py ................................                 [ 92%]
tests/test_thirdparty.py .........................                       [ 92%]
tests/test_usage_sampling.py ............                                [ 92%]
tests/test_validation_evidence.py ...................................... [ 93%]
.........                                                                [ 93%]
tests/test_workflow_status.py ....................................       [ 94%]
tests/test_writeset.py ..................                                [ 94%]
tests/workflows/test_candidates.py ...........................           [ 95%]
tests/workflows/test_compatibility.py .................................. [ 95%]
.................                                                        [ 95%]
tests/workflows/test_compiler.py ....................................    [ 96%]
tests/workflows/test_failures.py ....................................... [ 97%]
                                                                         [ 97%]
tests/workflows/test_mode_policies.py ...........                        [ 97%]
tests/workflows/test_plan_repair.py ...........................          [ 97%]
tests/workflows/test_policy.py ......................................... [ 98%]
...............                                                          [ 99%]
tests/workflows/test_remerge.py ..............                           [ 99%]
tests/workflows/test_review_origins.py ..........                        [ 99%]
tests/workflows/test_runner.py ...............................           [100%]

=================================== FAILURES ===================================
_____________________ test_no_project_identifying_strings ______________________

    def test_no_project_identifying_strings():
        paths = [p for p in _scanned_files() if not _is_scaffold(p)]
        violations = _violations(paths, PROJECT_PATTERNS)
>       assert not violations, "project-identifying content found:\n" + "\n".join(violations)
E       AssertionError: project-identifying content found:
E         .scratch/worktrees/modelctl-integration/scripts/maestro-build-launcher.sh:5: 'AbuAli'
E         .scratch/worktrees/modelctl-integration/scripts/maestro-build-launcher.sh:5: 'AbuAli'
E         .scratch/worktrees/modelctl-integration/scripts/resume_eval_when_done.sh:4: 'AbuAli'
E         .scratch/worktrees/modelctl-integration/scripts/resume_eval_when_done.sh:4: 'abuali'
E         .scratch/worktrees/modelctl-integration/scripts/resume_eval_when_done.sh:33: 'abuali'
E         .scratch/worktrees/modelctl-integration/scripts/resume_eval_when_done.sh:34: 'abuali'
E         .scratch/worktrees/modelctl-integration/scripts/resume_eval_when_done.sh:35: 'abuali'
E         .scratch/worktrees/modelctl-integration/scripts/resume_eval_when_done.sh:4: 'AbuAli'
E         .scratch/worktrees/modelctl-integration/scripts/resume_eval_when_done.sh:4: 'abuali'
E         .scratch/worktrees/modelctl-integration/scripts/resume_eval_when_done.sh:33: 'abuali'
E         .scratch/worktrees/modelctl-integration/scripts/resume_eval_when_done.sh:34: 'abuali'
E         .scratch/worktrees/modelctl-integration/scripts/resume_eval_when_done.sh:35: 'abuali'
E         .scratch/worktrees/modelctl-integration/scripts/m5-rollback.sh:2: 'AbuAli'
E         .scratch/worktrees/modelctl-integration/scripts/m5-rollback.sh:12: 'AbuAli'
E         .scratch/worktrees/modelctl-integration/scripts/m5-rollback.sh:20: 'AbuAli'
E         .scratch/worktrees/modelctl-integration/scripts/m5-rollback.sh:35: 'AbuAli'
E         .scratch/worktrees/modelctl-integration/scripts/m5-rollback.sh:117: 'abuali'
E         .scratch/worktrees/modelctl-integration/scripts/m5-rollback.sh:118: 'abuali'
E         .scratch/worktrees/modelctl-integration/scripts/m5-rollback.sh:122: 'abuali'
E         .scratch/worktrees/modelctl-integration/scripts/m5-rollback.sh:123: 'abuali'
E         .scratch/worktrees/modelctl-integration/scripts/m5-rollback.sh:2: 'AbuAli'
E         .scratch/worktrees/modelctl-integration/scripts/m5-rollback.sh:12: 'AbuAli'
E         .scratch/worktrees/modelctl-integration/scripts/m5-rollback.sh:20: 'AbuAli'
E         .scratch/worktrees/modelctl-integration/scripts/m5-rollback.sh:35: 'AbuAli'
E         .scratch/worktrees/modelctl-integration/scripts/m5-rollback.sh:117: 'abuali'
E         .scratch/worktrees/modelctl-integration/scripts/m5-rollback.sh:118: 'abuali'
E         .scratch/worktrees/modelctl-integration/scripts/m5-rollback.sh:122: 'abuali'
E         .scratch/worktrees/modelctl-integration/scripts/m5-rollback.sh:123: 'abuali'
E         .scratch/worktrees/modelctl-integration/scripts/m5-install-unit.sh:2: 'AbuAli'
E         .scratch/worktrees/modelctl-integration/scripts/m5-install-unit.sh:12: 'abuali'
E         .scratch/worktrees/modelctl-integration/scripts/m5-install-unit.sh:18: 'AbuAli'
E         .scratch/worktrees/modelctl-integration/scripts/m5-install-unit.sh:19: 'AbuAli'
E         .scratch/worktrees/modelctl-integration/scripts/m5-install-unit.sh:20: 'AbuAli'
E         .scratch/worktrees/modelctl-integration/scripts/m5-install-unit.sh:34: 'abuali'
E         .scratch/worktrees/modelctl-integration/scripts/m5-install-unit.sh:35: 'abuali'
E         .scratch/worktrees/modelctl-integration/scripts/m5-install-unit.sh:45: 'AbuAli'
E         .scratch/worktrees/modelctl-integration/scripts/m5-install-unit.sh:2: 'AbuAli'
E         .scratch/worktrees/modelctl-integration/scripts/m5-install-unit.sh:12: 'abuali'
E         .scratch/worktrees/modelctl-integration/scripts/m5-install-unit.sh:18: 'AbuAli'
E         .scratch/worktrees/modelctl-integration/scripts/m5-install-unit.sh:19: 'AbuAli'
E         .scratch/worktrees/modelctl-integration/scripts/m5-install-unit.sh:20: 'AbuAli'
E         .scratch/worktrees/modelctl-integration/scripts/m5-install-unit.sh:34: 'abuali'
E         .scratch/worktrees/modelctl-integration/scripts/m5-install-unit.sh:35: 'abuali'
E         .scratch/worktrees/modelctl-integration/scripts/m5-install-unit.sh:45: 'AbuAli'
E         .scratch/worktrees/modelctl-integration/scripts/run_overnight.sh:183: 'AbuAli'
E         .scratch/worktrees/modelctl-integration/scripts/run_overnight.sh:188: 'AbuAli'
E         .scratch/worktrees/modelctl-integration/scripts/run_overnight.sh:183: 'AbuAli'
E         .scratch/worktrees/modelctl-integration/scripts/run_overnight.sh:188: 'AbuAli'
E         .scratch/worktrees/modelctl-integration/docs/FOUND_BUGS.md:1459: 'AbuAli'
E         .scratch/worktrees/modelctl-integration/docs/FOUND_BUGS.md:1459: 'AbuAli'
E         .scratch/worktrees/modelctl-integration/docs/EXECUTION.md:41: 'AbuAli'
E         .scratch/worktrees/modelctl-integration/docs/EXECUTION.md:42: 'abuali'
E         .scratch/worktrees/modelctl-integration/docs/EXECUTION.md:53: 'AbuAli'
E         .scratch/worktrees/modelctl-integration/docs/EXECUTION.md:183: 'AbuAli'
E         .scratch/worktrees/modelctl-integration/docs/EXECUTION.md:318: 'AbuAli'
E         .scratch/worktrees/modelctl-integration/docs/EXECUTION.md:328: 'AbuAli'
E         .scratch/worktrees/modelctl-integration/docs/EXECUTION.md:41: 'AbuAli'
E         .scratch/worktrees/modelctl-integration/docs/EXECUTION.md:42: 'abuali'
E         .scratch/worktrees/modelctl-integration/docs/EXECUTION.md:53: 'AbuAli'
E         .scratch/worktrees/modelctl-integration/docs/EXECUTION.md:183: 'AbuAli'
E         .scratch/worktrees/modelctl-integration/docs/EXECUTION.md:318: 'AbuAli'
E         .scratch/worktrees/modelctl-integration/docs/EXECUTION.md:328: 'AbuAli'
E         .scratch/worktrees/modelctl-integration/docs/DESIGN.md:8: 'AbuAli'
E         .scratch/worktrees/modelctl-integration/docs/DESIGN.md:51: 'AbuAli'
E         .scratch/worktrees/modelctl-integration/docs/DESIGN.md:536: 'AbuAli'
E         .scratch/worktrees/modelctl-integration/docs/DESIGN.md:537: 'AbuAli'
E         .scratch/worktrees/modelctl-integration/docs/DESIGN.md:537: 'AbuAli'
E         .scratch/worktrees/modelctl-integration/docs/DESIGN.md:541: 'AbuAli'
E         .scratch/worktrees/modelctl-integration/docs/DESIGN.md:542: 'AbuAli'
E         .scratch/worktrees/modelctl-integration/docs/DESIGN.md:565: 'AbuAli'
E         .scratch/worktrees/modelctl-integration/docs/DESIGN.md:8: 'AbuAli'
E         .scratch/worktrees/modelctl-integration/docs/DESIGN.md:51: 'AbuAli'
E         .scratch/worktrees/modelctl-integration/docs/DESIGN.md:536: 'AbuAli'
E         .scratch/worktrees/modelctl-integration/docs/DESIGN.md:537: 'AbuAli'
E         .scratch/worktrees/modelctl-integration/docs/DESIGN.md:537: 'AbuAli'
E         .scratch/worktrees/modelctl-integration/docs/DESIGN.md:541: 'AbuAli'
E         .scratch/worktrees/modelctl-integration/docs/DESIGN.md:542: 'AbuAli'
E         .scratch/worktrees/modelctl-integration/docs/DESIGN.md:565: 'AbuAli'
E         .scratch/worktrees/modelctl-integration/docs/plans/2026-09-30-modelctl-integration.md:271: 'AbuAli'
E         .scratch/worktrees/modelctl-integration/docs/plans/2026-09-30-modelctl-integration.md:292: 'AbuAli'
E         .scratch/worktrees/modelctl-integration/docs/plans/2026-09-30-modelctl-integration.md:271: 'AbuAli'
E         .scratch/worktrees/modelctl-integration/docs/plans/2026-09-30-modelctl-integration.md:292: 'AbuAli'
E         .scratch/worktrees/modelctl-integration/tests/test_purity.py:36: 'abuali'
E         .scratch/worktrees/modelctl-integration/tests/test_purity.py:45: 'AbuAli'
E         .scratch/worktrees/modelctl-integration/tests/test_purity.py:36: 'abuali'
E         .scratch/worktrees/modelctl-integration/tests/test_purity.py:45: 'AbuAli'
E       assert not [".scratch/worktrees/modelctl-integration/scripts/maestro-build-launcher.sh:5: 'AbuAli'", ".scratch/worktrees/modelctl...en_done.sh:33: 'abuali'", ".scratch/worktrees/modelctl-integration/scripts/resume_eval_when_done.sh:34: 'abuali'", ...]

tests/test_purity.py:135: AssertionError
______________________ test_no_hardcoded_legacy_repo_path ______________________

    def test_no_hardcoded_legacy_repo_path():
        violations = []
        for path in _scanned_files():
            if _is_scaffold(path):
                continue
            text = path.read_text(encoding="utf-8", errors="replace")
            if LEGACY_PATH in text:
                violations.append(_rel(path))
>       assert not violations, f"hardcoded legacy path in: {violations}"
E       AssertionError: hardcoded legacy path in: ['.scratch/worktrees/modelctl-integration/scripts/m5-rollback.sh', '.scratch/worktrees/modelctl-integration/scripts/m5-install-unit.sh', '.scratch/worktrees/modelctl-integration/docs/EXECUTION.md', '.scratch/worktrees/modelctl-integration/tests/test_purity.py']
E       assert not ['.scratch/worktrees/modelctl-integration/scripts/m5-rollback.sh', '.scratch/worktrees/modelctl-integration/scripts/m5...atch/worktrees/modelctl-integration/docs/EXECUTION.md', '.scratch/worktrees/modelctl-integration/tests/test_purity.py']

tests/test_purity.py:146: AssertionError
______________ test_no_pointers_into_the_build_scratch_directory _______________

    def test_no_pointers_into_the_build_scratch_directory():
        """Nothing shipped may cite a file that is deleted when its build plan closes.
    
        Six of these shipped in the 2026-08-30 pre-integration queue — `maestro/limits.py`,
        `maestro/cli.py`, `tests/test_cli.py` and `tests/test_no_dead_backend_surface.py`
        (three times) — all naming `task-C7-report.md` / `task-D2-report.md`, which existed
        only under `/home/dan/.maestro-sdd/2026-08-30-pre-integration/`. Two carried the sole
        record of a hand-run experiment. The fix was to copy those two reports into
        `docs/plans/` and cite them there; this stops the sixth-time-lucky version.
    
        Scaffold-exempt by the same rule as the tier above: `handoffs/` is written while the
        directory exists and `docs/plans/` copies have to state where they came from.
        """
        paths = [p for p in _scanned_files() if not _is_scaffold(p)]
        violations = _violations(paths, EPHEMERAL_PATH_PATTERNS)
>       assert not violations, (
            "pointer into a build scratch directory that will be deleted:\n"
            + "\n".join(violations)
            + "\n\nCopy what is worth keeping into docs/plans/ and cite it there."
        )
E       AssertionError: pointer into a build scratch directory that will be deleted:
E         .scratch/worktrees/modelctl-integration/tests/test_purity.py:55: '/home/dan/.maestro-sdd/2'
E         .scratch/worktrees/modelctl-integration/tests/test_purity.py:155: '/home/dan/.maestro-sdd/2'
E         .scratch/worktrees/modelctl-integration/tests/test_purity.py:185: '/home/dan/.maestro-sdd/2'
E         .scratch/worktrees/modelctl-integration/tests/test_purity.py:186: '/home/dan/.maestro-sdd/w'
E         .scratch/worktrees/modelctl-integration/tests/test_purity.py:57: 'task-C7-report.md'
E         .scratch/worktrees/modelctl-integration/tests/test_purity.py:154: 'task-C7-report.md'
E         .scratch/worktrees/modelctl-integration/tests/test_purity.py:154: 'task-D2-report.md'
E         .scratch/worktrees/modelctl-integration/tests/test_purity.py:182: 'task-C7-report.md'
E         .scratch/worktrees/modelctl-integration/tests/test_purity.py:183: 'task-D2-report.md'
E         .scratch/worktrees/modelctl-integration/tests/test_purity.py:184: 'task-D2-report.md'
E         .scratch/worktrees/modelctl-integration/tests/test_purity.py:187: 'task-A5-brief.md'
E         
E         Copy what is worth keeping into docs/plans/ and cite it there.
E       assert not [".scratch/worktrees/modelctl-integration/tests/test_purity.py:55: '/home/dan/.maestro-sdd/2'", ".scratch/worktrees/mo...57: 'task-C7-report.md'", ".scratch/worktrees/modelctl-integration/tests/test_purity.py:154: 'task-C7-report.md'", ...]

tests/test_purity.py:164: AssertionError
============ 3 failed, 5535 passed, 1 xfailed in 441.15s (0:07:21) =============
