........................................................................ [  1%]
........................................................................ [  2%]
........................................................................ [  3%]
........................................................................ [  5%]
........................................................................ [  6%]
........................................................................ [  7%]
........................................................................ [  8%]
........................................................................ [ 10%]
........................................................................ [ 11%]
........................................................................ [ 12%]
........................................................................ [ 14%]
........................................................................ [ 15%]
........................................................................ [ 16%]
........................................................................ [ 17%]
........................................................................ [ 19%]
........................................................................ [ 20%]
........................................................................ [ 21%]
........................................................................ [ 22%]
........................................................................ [ 24%]
........................................................................ [ 25%]
........................................................................ [ 26%]
........................................................................ [ 28%]
........................................................................ [ 29%]
........................................................................ [ 30%]
........................................................................ [ 31%]
........................................................................ [ 33%]
........................................................................ [ 34%]
........................................................................ [ 35%]
........................................................................ [ 36%]
........................................................................ [ 38%]
........................................................................ [ 39%]
........................................................................ [ 40%]
........................................................................ [ 42%]
........................................................................ [ 43%]
........................................................................ [ 44%]
........................................................................ [ 45%]
........................................................................ [ 47%]
........................................................................ [ 48%]
........................................................................ [ 49%]
........................................................................ [ 50%]
........................................................................ [ 52%]
........................................................................ [ 53%]
........................................................................ [ 54%]
........................................................................ [ 56%]
........................................................................ [ 57%]
........................................................................ [ 58%]
........................................................................ [ 59%]
........................................................................ [ 61%]
........................................................................ [ 62%]
........................................................................ [ 63%]
........................................................................ [ 64%]
........................................................................ [ 66%]
........................................................................ [ 67%]
........................................................................ [ 68%]
........................................................................ [ 70%]
........................................................................ [ 71%]
........................................................................ [ 72%]
........................................................................ [ 73%]
........................................................................ [ 75%]
........................................................................ [ 76%]
........................................................................ [ 77%]
........................................................................ [ 78%]
.............F.....sFFFF.....x.......................................... [ 80%]
........................................................................ [ 81%]
........................................................................ [ 82%]
........................................................................ [ 84%]
........................................................................ [ 85%]
........................................................................ [ 86%]
........................................................................ [ 87%]
........................................................................ [ 89%]
........................................................................ [ 90%]
........................................................................ [ 91%]
........................................................................ [ 92%]
........................................................................ [ 94%]
........................................................................ [ 95%]
........................................................................ [ 96%]
........................................................................ [ 98%]
........................................................................ [ 99%]
........................................                                 [100%]
=================================== FAILURES ===================================
___________________ test_every_routed_phase_has_a_spec_file ____________________

ngp = <module 'next_graph_prompt' from '/home/dan/.maestro/versions/da4e21bbd840f2c0e01b0f02577a7f632c43232b/scripts/next_graph_prompt.py'>

    def test_every_routed_phase_has_a_spec_file(ngp):
        for phase in ngp.CONTEXT_ROUTING:
>           assert ngp.find_phase_spec_file(phase) is not None, phase
E           AssertionError: P00
E           assert None is not None
E            +  where None = <function find_phase_spec_file at 0x7f85ee061da0>('P00')
E            +    where <function find_phase_spec_file at 0x7f85ee061da0> = <module 'next_graph_prompt' from '/home/dan/.maestro/versions/da4e21bbd840f2c0e01b0f02577a7f632c43232b/scripts/next_graph_prompt.py'>.find_phase_spec_file

tests/test_next_graph_prompt.py:34: AssertionError
______ test_remaining_phases_point_at_the_context_gate_constraints[P07B] _______

ngp = <module 'next_graph_prompt' from '/home/dan/.maestro/versions/da4e21bbd840f2c0e01b0f02577a7f632c43232b/scripts/next_graph_prompt.py'>
phase = 'P07B'

    @pytest.mark.parametrize("phase", ["P07B", "P12A", "P12B", "P12"])
    def test_remaining_phases_point_at_the_context_gate_constraints(ngp, phase):
>       assert ngp.FORWARD_COMPAT_HEADING in ngp.find_phase_spec_file(phase).read_text(encoding="utf-8")
                                             ^^^^^^^^^^^^^^^^^^^^^^^^^^^^^^^^^^^^^^^^^
E       AttributeError: 'NoneType' object has no attribute 'read_text'

tests/test_next_graph_prompt.py:89: AttributeError
______ test_remaining_phases_point_at_the_context_gate_constraints[P12A] _______

ngp = <module 'next_graph_prompt' from '/home/dan/.maestro/versions/da4e21bbd840f2c0e01b0f02577a7f632c43232b/scripts/next_graph_prompt.py'>
phase = 'P12A'

    @pytest.mark.parametrize("phase", ["P07B", "P12A", "P12B", "P12"])
    def test_remaining_phases_point_at_the_context_gate_constraints(ngp, phase):
>       assert ngp.FORWARD_COMPAT_HEADING in ngp.find_phase_spec_file(phase).read_text(encoding="utf-8")
                                             ^^^^^^^^^^^^^^^^^^^^^^^^^^^^^^^^^^^^^^^^^
E       AttributeError: 'NoneType' object has no attribute 'read_text'

tests/test_next_graph_prompt.py:89: AttributeError
______ test_remaining_phases_point_at_the_context_gate_constraints[P12B] _______

ngp = <module 'next_graph_prompt' from '/home/dan/.maestro/versions/da4e21bbd840f2c0e01b0f02577a7f632c43232b/scripts/next_graph_prompt.py'>
phase = 'P12B'

    @pytest.mark.parametrize("phase", ["P07B", "P12A", "P12B", "P12"])
    def test_remaining_phases_point_at_the_context_gate_constraints(ngp, phase):
>       assert ngp.FORWARD_COMPAT_HEADING in ngp.find_phase_spec_file(phase).read_text(encoding="utf-8")
                                             ^^^^^^^^^^^^^^^^^^^^^^^^^^^^^^^^^^^^^^^^^
E       AttributeError: 'NoneType' object has no attribute 'read_text'

tests/test_next_graph_prompt.py:89: AttributeError
_______ test_remaining_phases_point_at_the_context_gate_constraints[P12] _______

ngp = <module 'next_graph_prompt' from '/home/dan/.maestro/versions/da4e21bbd840f2c0e01b0f02577a7f632c43232b/scripts/next_graph_prompt.py'>
phase = 'P12'

    @pytest.mark.parametrize("phase", ["P07B", "P12A", "P12B", "P12"])
    def test_remaining_phases_point_at_the_context_gate_constraints(ngp, phase):
>       assert ngp.FORWARD_COMPAT_HEADING in ngp.find_phase_spec_file(phase).read_text(encoding="utf-8")
                                             ^^^^^^^^^^^^^^^^^^^^^^^^^^^^^^^^^^^^^^^^^
E       AttributeError: 'NoneType' object has no attribute 'read_text'

tests/test_next_graph_prompt.py:89: AttributeError
=========================== short test summary info ============================
FAILED tests/test_next_graph_prompt.py::test_every_routed_phase_has_a_spec_file
FAILED tests/test_next_graph_prompt.py::test_remaining_phases_point_at_the_context_gate_constraints[P07B]
FAILED tests/test_next_graph_prompt.py::test_remaining_phases_point_at_the_context_gate_constraints[P12A]
FAILED tests/test_next_graph_prompt.py::test_remaining_phases_point_at_the_context_gate_constraints[P12B]
FAILED tests/test_next_graph_prompt.py::test_remaining_phases_point_at_the_context_gate_constraints[P12]
EXIT=1
